// Jest Snapshot v1, https://goo.gl/fbAQLP

exports[`FigmaProvider renders a default state 1`] = `
<div>
  Default FigmaProvider
</div>
`;
