// Jest Snapshot v1, https://goo.gl/fbAQLP

exports[`Shell renders a default state 1`] = `
<div>
  <div
    class="root-0-2-1"
  >
    READY
  </div>
</div>
`;
